(PrgmNode
	(FunctionStmtNode add (BindingsNode (BindingNode x) (BindingNode y)) (TupleTypeNode (TypesNode)) (ScopeStmtNode (StmtsNode
	(ReturnStmtNode (BinOpExprNode (LValueExprNode (VarExprNode x)) ADD (LValueExprNode (VarExprNode y)))))))
	(ExprStmtNode (BinOpExprNode (BindingNode x) SET (IntExprNode 3 INT) INT)))
