(PrgmNode
	(ExprStmtNode (BinOpExprNode (BindingNode x (StringTypeNode STRING)) SET (StringExpressionNode (StringNode (StringExprsNode (StringExpressionNode (StringNode 'Hello world!') STRING))) STRING) STRING))
	(ExprStmtNode (BinOpExprNode (BindingNode y) SET (LValueExprNode (VarExprNode x STRING) STRING) STRING)))
