(PrgmNode
	(ExprStmtNode (BinOpExprNode (BindingNode x) SET (TupleExprNode (ExprsNode (IntExprNode 1 INT) (FloatExprNode 2.000000 FLOAT) (BoolExprNode true BOOL) (StringExpressionNode (StringNode (StringExprsNode (StringExpressionNode (StringNode 'hi') STRING))) STRING)) (INT, FLOAT, BOOL, STRING)) (INT, FLOAT, BOOL, STRING)))
	(ExprStmtNode (BinOpExprNode (BindingNode y) SET (LValueExprNode (VarExprNode x (INT, FLOAT, BOOL, STRING)) (INT, FLOAT, BOOL, STRING)) (INT, FLOAT, BOOL, STRING))))
