(PrgmNode
	(ExprStmtNode (BinOpExprNode (BindingNode x (FunctionTypeNode (TypesNode) (BoolTypeNode BOOL) (() -> BOOL))) SET (LambdaExprNode (BindingsNode) (BoolTypeNode BOOL) (ReturnStmtNode (BoolExprNode true BOOL)) (() -> BOOL)) (() -> BOOL)))
	(ExprStmtNode (BinOpExprNode (BindingNode y) SET (LValueExprNode (VarExprNode x (() -> BOOL)) (() -> BOOL)) (() -> BOOL))))
