(PrgmNode
	(ExprStmtNode (BinOpExprNode (BindingNode x) SET (LambdaExprNode (BindingsNode) (ReturnStmtNode (BoolExprNode true BOOL)) (fn () -> BOOL)) (fn () -> BOOL)))
	(ExprStmtNode (BinOpExprNode (BindingNode y) SET (LValueExprNode (VarExprNode x (fn () -> BOOL)) (fn () -> BOOL)) (fn () -> BOOL))))
