(PrgmNode
	(ExprStmtNode (BinOpExprNode (BindingNode x) SET (LambdaExprNode (BindingsNode (BindingNode a) (BindingNode b)) (ReturnStmtNode (BinOpExprNode (LValueExprNode (VarExprNode a)) ADD (LValueExprNode (VarExprNode b)))) (fn (ANY, ANY) -> ANY)) (fn (ANY, ANY) -> ANY)))
	(ExprStmtNode (BinOpExprNode (BindingNode y) SET (LValueExprNode (VarExprNode x (fn (ANY, ANY) -> ANY)) (fn (ANY, ANY) -> ANY)) (fn (ANY, ANY) -> ANY))))
