(PrgmNode
	(ExprStmtNode (BinOpExprNode (BindingNode x (FunctionTypeNode (TypesNode) (TupleTypeNode (TypesNode) VOID) (fn () -> VOID))) SET (LambdaExprNode (BindingsNode) (TupleTypeNode (TypesNode) VOID) (PrintlnStmtNode (StringExpressionNode (StringNode (StringExprsNode (StringExpressionNode (StringNode 'hi world') STRING))) STRING)) (fn () -> VOID)) (fn () -> VOID)))
	(ExprStmtNode (BinOpExprNode (BindingNode y) SET (LValueExprNode (VarExprNode x (fn () -> VOID)) (fn () -> VOID)) (fn () -> VOID))))
