(PrgmNode
	(ExprStmtNode (BinOpExprNode (BindingNode x (FunctionTypeNode (TypesNode) (TupleTypeNode (TypesNode) VOID) (() -> VOID))) SET (LambdaExprNode (BindingsNode) (TupleTypeNode (TypesNode) VOID) (PrintlnStmtNode (StringExpressionNode (StringNode (StringExprsNode (StringExpressionNode (StringNode 'hi world') STRING))) STRING)) (() -> VOID)) (() -> VOID)))
	(ExprStmtNode (BinOpExprNode (BindingNode y) SET (LValueExprNode (VarExprNode x (() -> VOID)) (() -> VOID)) (() -> VOID))))
