(PrgmNode
	(ExprStmtNode (BinOpExprNode (BindingNode x) SET (StringExpressionNode (StringNode (StringExprsNode (StringExpressionNode (StringNode 'commander') STRING))) STRING) STRING))
	(CmdStmtNode (PipeCmdNode (BasicCmdNode (StringNode 'ls') (StringNode (StringExprsNode (StringExpressionNode (StringNode '-a') STRING)))) | (BasicCmdNode (StringNode 'grep') (VarExprNode x STRING)))))
