(PrgmNode
	(ExprStmtNode (BinOpExprNode (BindingNode x) SET (ArrayExprNode (ExprsNode (ArrayExprNode (ExprsNode (IntExprNode 1 INT) (IntExprNode 2 INT)) INT[]) (ArrayExprNode (ExprsNode (IntExprNode 3 INT) (IntExprNode 4 INT)) INT[]) (ArrayExprNode (ExprsNode (IntExprNode 5 INT) (IntExprNode 6 INT)) INT[])) INT[][]) INT[][]))
	(ExprStmtNode (BinOpExprNode (IndexLValueNode (VarLValueNode x INT[][]) (IntExprNode 2 INT) INT[]) SET (ArrayExprNode (ExprsNode (IntExprNode 5 INT)) INT[]) INT[])))
