(PrgmNode
	(ExprStmtNode (BinOpExprNode (BindingNode x) SET (ArrayExprNode (ExprsNode (LambdaExprNode (BindingsNode) (ReturnStmtNode (IntExprNode 1 INT)) (() -> INT)) (LambdaExprNode (BindingsNode) (ReturnStmtNode (IntExprNode 2 INT)) (() -> INT)) (LambdaExprNode (BindingsNode) (ReturnStmtNode (IntExprNode 3 INT)) (() -> INT))) (() -> INT)[]) (() -> INT)[]))
	(ExprStmtNode (BinOpExprNode (IndexLValueNode (VarLValueNode x (() -> INT)[]) (IntExprNode 2 INT) (() -> INT)) SET (LambdaExprNode (BindingsNode) (ReturnStmtNode (IntExprNode 4 INT)) (() -> INT)) (() -> INT))))
