(PrgmNode
	(ExprStmtNode (BinOpExprNode (BindingNode x) SET (ArrayExprNode (ExprsNode (IntExprNode 1 INT) (IntExprNode 2 INT) (IntExprNode 3 INT)) INT[]) INT[]))
	(ExprStmtNode (BinOpExprNode (IndexLValueNode (VarLValueNode x INT[]) (LValueExprNode (IndexExprNode (VarExprNode x INT[]) (IntExprNode 1 INT) INT) INT) INT) SET (LValueExprNode (IndexExprNode (VarExprNode x INT[]) (IntExprNode 0 INT) INT) INT) INT)))
