(PrgmNode
	(ExprStmtNode (BinOpExprNode (BindingNode y) SET (IntExprNode 1 INT) INT))
	(ExprStmtNode (BinOpExprNode (BindingNode x) SET (StringExpressionNode (StringNode (StringExprsNode (StringExpressionNode (StringNode '3+2=') STRING) (IndexExprNode (TupleExprNode (ExprsNode (FloatExprNode 2.000000 FLOAT) (StringExpressionNode (StringNode (StringExprsNode (StringExpressionNode (StringNode 'hi') STRING))) STRING) (IntExprNode 3 INT)) (FLOAT, STRING, INT)) (LValueExprNode (VarExprNode y INT) INT)) (StringExpressionNode (StringNode '!') STRING))) STRING) STRING)))
