(PrgmNode
	(ExprStmtNode (BinOpExprNode (BindingNode x) SET (IntExprNode 2 INT) INT))
	(ExprStmtNode (BinOpExprNode (BindingNode y) SET (UnOpExprNode (IndexExprNode (ArrayExprNode (ExprsNode (IntExprNode 1 INT) (IntExprNode 2 INT) (IntExprNode 3 INT)) INT[]) (LValueExprNode (VarExprNode x INT) INT) INT) NEGATE INT) INT)))
