(PrgmNode
	(ExprStmtNode (BinOpExprNode (BindingNode const x) SET (IntExprNode 1 INT) INT))
	(ExprStmtNode (BinOpExprNode (BindingNode const y) SET (IndexExprNode (TupleExprNode (ExprsNode (FloatExprNode 2.000000 FLOAT) (StringExpressionNode (StringNode (StringExprsNode (StringExpressionNode (StringNode 'hi') STRING))) STRING) (IntExprNode 1 INT)) (FLOAT, STRING, INT)) (LValueExprNode (VarExprNode x INT) INT)))))
