(PrgmNode
	(ExprStmtNode (BinOpExprNode (BindingNode a) SET (IntExprNode 1 INT) INT))
	(ExprStmtNode (BinOpExprNode (BindingNode x) SET (TupleExprNode (ExprsNode (FloatExprNode 2.000000 FLOAT) (BoolExprNode true BOOL) (IntExprNode 1 INT)) (FLOAT, BOOL, INT)) (FLOAT, BOOL, INT)))
	(ExprStmtNode (BinOpExprNode (IndexLValueNode (VarLValueNode x (FLOAT, BOOL, INT)) (LValueExprNode (VarExprNode a INT) INT) INT) EXPONENTIATE_SET (IntExprNode 2 INT) INT)))
