(PrgmNode
	(ExprStmtNode (BinOpExprNode (BindingNode x) SET (CallExprNode (LambdaExprNode (BindingsNode (BindingNode a) (BindingNode b)) (ReturnStmtNode (BinOpExprNode (LValueExprNode (VarExprNode a)) ADD (LValueExprNode (VarExprNode b)))) (fn (ANY, ANY) -> ANY)) (ExprsNode (IntExprNode 3 INT) (IntExprNode 4 INT))))))
