(PrgmNode
	(ExprStmtNode (BinOpExprNode (BindingNode x) SET (CallExprNode (CallExprNode (LambdaExprNode (BindingsNode (BindingNode a) (BindingNode b)) (ReturnStmtNode (LambdaExprNode (BindingsNode) (ReturnStmtNode (CallExprNode (LValueExprNode (VarExprNode a)) (ExprsNode (LValueExprNode (VarExprNode b))))) (fn () -> ANY))) (fn (ANY, ANY) -> (fn () -> ANY))) (ExprsNode (LambdaExprNode (BindingsNode (BindingNode a)) (ReturnStmtNode (BinOpExprNode (LValueExprNode (VarExprNode a)) ADD (FloatExprNode 3.300000 FLOAT) FLOAT)) (fn (ANY) -> FLOAT)) (IntExprNode 4 INT)) (fn () -> ANY)) (ExprsNode)))))
