(PrgmNode
	(ExprStmtNode (BinOpExprNode (BindingNode x) SET (StringExpressionNode (StringNode (StringExprsNode (StringExpressionNode (StringNode 'commander') STRING))) STRING) STRING))
	(ExprStmtNode (BinOpExprNode (BindingNode y) SET (CmdExprNode (AsyncCmdNode (BasicCmdNode (StringNode 'echo') (VarExprNode x STRING))) (STRING, STRING, INT)) (STRING, STRING, INT))))
