(PrgmNode
	(ExprStmtNode (BinOpExprNode (BindingNode x) SET (StringExpressionNode (StringNode (StringExprsNode (StringExpressionNode (StringNode 'commander') STRING))) STRING) STRING))
	(ExprStmtNode (BinOpExprNode (BindingNode y) SET (CmdExprNode (AsyncCmdNode (PipeCmdNode (BasicCmdNode (StringNode 'ls') (StringNode (StringExprsNode (StringExpressionNode (StringNode '-a') STRING)))) | (BasicCmdNode (StringNode 'grep') (StringNode 'x')))) (STRING, STRING, INT)) (STRING, STRING, INT))))
