(PrgmNode
	(ForStmtNode (BinOpExprNode (BindingNode i) SET (IntExprNode 0 INT) INT) (BinOpExprNode (LValueExprNode (VarExprNode i INT) INT) LESSER (IntExprNode 10 INT) BOOL) (UnOpExprNode (VarLValueNode i INT) POST_INCREMENT INT) (ScopeStmtNode (StmtsNode
	(PrintlnStmtNode (LValueExprNode (VarExprNode i INT) INT))))))
