(PrgmNode
	(ExprStmtNode (BinOpExprNode (BindingNode x) SET (StringExpressionNode (StringNode (StringExprsNode (StringExpressionNode (StringNode 'world!') STRING))) STRING) STRING))
	(AliasStmtNode hi (BasicCmdNode (StringNode 'echo') (StringNode (StringExprsNode (StringExpressionNode (StringNode 'hi ') STRING))) (VarExprNode x STRING))))
