(PrgmNode
	(ExprStmtNode (BinOpExprNode (BindingNode a) SET (IntExprNode 1 INT) INT))
	(AssertStmtNode (IndexExprNode (TupleExprNode (ExprsNode (FloatExprNode 1.000000 FLOAT) (BoolExprNode true BOOL) (IntExprNode 3 INT)) (FLOAT, BOOL, INT)) (LValueExprNode (VarExprNode a INT) INT)) (StringNode (StringExprsNode (StringExpressionNode (StringNode 'Shouldn't get here') STRING)))))
