(PrgmNode
	(ExprStmtNode (BinOpExprNode (BindingNode a) SET (IntExprNode 1 INT) INT))
	(ExprStmtNode (BinOpExprNode (BindingNode x) SET (CallExprNode (LValueExprNode (VarExprNode round (fn (INT) -> INT)) (fn (INT) -> INT)) (ExprsNode (IntExprNode 16 INT)) INT) INT))
	(ExprStmtNode (BinOpExprNode (BindingNode x) SET (CallExprNode (LValueExprNode (VarExprNode round (fn (FLOAT) -> INT)) (fn (FLOAT) -> INT)) (ExprsNode (FloatExprNode 0.250000 FLOAT)) INT) INT))
	(ExprStmtNode (BinOpExprNode (BindingNode x) SET (CallExprNode (LValueExprNode (VarExprNode round (fn (INT) -> INT)) (fn (INT) -> INT)) (ExprsNode (IndexExprNode (TupleExprNode (ExprsNode (FloatExprNode 1.000000 FLOAT) (BoolExprNode true BOOL) (IntExprNode 3 INT)) (FLOAT, BOOL, INT)) (LValueExprNode (VarExprNode a INT) INT))) INT) INT)))
