(PrgmNode
	(ExprStmtNode (BinOpExprNode (BindingNode a) SET (IntExprNode 1 INT) INT))
	(ExprStmtNode (BinOpExprNode (BindingNode x) SET (ApiCallExprNode (StringExpressionNode (StringNode (StringExprsNode (StringExpressionNode (StringNode 'hi') STRING))) STRING) length (ExprsNode (StringExpressionNode (StringNode (StringExprsNode (StringExpressionNode (StringNode 'hi') STRING))) STRING)) INT) INT))
	(ExprStmtNode (BinOpExprNode (BindingNode x) SET (ApiCallExprNode (IndexExprNode (TupleExprNode (ExprsNode (FloatExprNode 1.000000 FLOAT) (BoolExprNode true BOOL) (IntExprNode 3 INT)) (FLOAT, BOOL, INT)) (LValueExprNode (VarExprNode a INT) INT)) length (ExprsNode (IndexExprNode (TupleExprNode (ExprsNode (FloatExprNode 1.000000 FLOAT) (BoolExprNode true BOOL) (IntExprNode 3 INT)) (FLOAT, BOOL, INT)) (LValueExprNode (VarExprNode a INT) INT))) INT) INT))
	(ExprStmtNode (BinOpExprNode (BindingNode x) SET (ApiCallExprNode (ArrayExprNode (ExprsNode (IntExprNode 1 INT) (IntExprNode 2 INT) (IntExprNode 3 INT)) INT[]) length (ExprsNode (ArrayExprNode (ExprsNode (IntExprNode 1 INT) (IntExprNode 2 INT) (IntExprNode 3 INT)) INT[])) INT) INT))
	(ExprStmtNode (BinOpExprNode (BindingNode x) SET (ApiCallExprNode (TupleExprNode (ExprsNode (FloatExprNode 2.000000 FLOAT) (BoolExprNode true BOOL) (IntExprNode 3 INT)) (FLOAT, BOOL, INT)) length (ExprsNode (TupleExprNode (ExprsNode (FloatExprNode 2.000000 FLOAT) (BoolExprNode true BOOL) (IntExprNode 3 INT)) (FLOAT, BOOL, INT))) INT) INT)))
