(PrgmNode
	(ExprStmtNode (BinOpExprNode (BindingNode a) SET (IntExprNode 1 INT) INT))
	(ExprStmtNode (BinOpExprNode (BindingNode x) SET (ApiCallExprNode (ArrayExprNode (ExprsNode (IntExprNode 3 INT) (IntExprNode 2 INT) (IntExprNode 1 INT)) INT[]) map (ExprsNode (ArrayExprNode (ExprsNode (IntExprNode 3 INT) (IntExprNode 2 INT) (IntExprNode 1 INT)) INT[]) (LambdaExprNode (BindingsNode (BindingNode b)) (ReturnStmtNode (BinOpExprNode (LValueExprNode (VarExprNode b)) LESSER (IntExprNode 10 INT) BOOL)) (fn (ANY) -> BOOL))) ANY[]) ANY[]))
	(ExprStmtNode (BinOpExprNode (BindingNode x) SET (ApiCallExprNode (IndexExprNode (TupleExprNode (ExprsNode (FloatExprNode 1.000000 FLOAT) (BoolExprNode true BOOL) (IntExprNode 3 INT)) (FLOAT, BOOL, INT)) (LValueExprNode (VarExprNode a INT) INT)) map (ExprsNode (IndexExprNode (TupleExprNode (ExprsNode (FloatExprNode 1.000000 FLOAT) (BoolExprNode true BOOL) (IntExprNode 3 INT)) (FLOAT, BOOL, INT)) (LValueExprNode (VarExprNode a INT) INT)) (LambdaExprNode (BindingsNode (BindingNode b)) (ReturnStmtNode (BinOpExprNode (LValueExprNode (VarExprNode b)) LESSER (IntExprNode 10 INT) BOOL)) (fn (ANY) -> BOOL))) ANY[]) ANY[]))
	(ExprStmtNode (BinOpExprNode (BindingNode x) SET (ApiCallExprNode (ArrayExprNode (ExprsNode (IntExprNode 3 INT) (IntExprNode 2 INT) (IntExprNode 1 INT)) INT[]) map (ExprsNode (ArrayExprNode (ExprsNode (IntExprNode 3 INT) (IntExprNode 2 INT) (IntExprNode 1 INT)) INT[]) (IndexExprNode (TupleExprNode (ExprsNode (FloatExprNode 1.000000 FLOAT) (BoolExprNode true BOOL) (IntExprNode 3 INT)) (FLOAT, BOOL, INT)) (LValueExprNode (VarExprNode a INT) INT))) ANY[]) ANY[])))
