(PrgmNode
	(ExprStmtNode (BinOpExprNode (BindingNode x) SET (BinOpExprNode (StringExpressionNode (StringNode (StringExprsNode (StringExpressionNode (StringNode 'HI') STRING))) STRING) ADD (IntExprNode 1 INT) STRING) STRING))
	(ExprStmtNode (BinOpExprNode (BindingNode x) SET (BinOpExprNode (StringExpressionNode (StringNode (StringExprsNode (StringExpressionNode (StringNode 'HI') STRING))) STRING) ADD (FloatExprNode 2.300000 FLOAT) STRING) STRING))
	(ExprStmtNode (BinOpExprNode (BindingNode x) SET (BinOpExprNode (StringExpressionNode (StringNode (StringExprsNode (StringExpressionNode (StringNode 'HI') STRING))) STRING) ADD (BoolExprNode true BOOL) STRING) STRING))
	(ExprStmtNode (BinOpExprNode (BindingNode x) SET (BinOpExprNode (StringExpressionNode (StringNode (StringExprsNode (StringExpressionNode (StringNode 'HI') STRING))) STRING) ADD (StringExpressionNode (StringNode (StringExprsNode (StringExpressionNode (StringNode 'bye') STRING))) STRING) STRING) STRING))
	(ExprStmtNode (BinOpExprNode (BindingNode x) SET (BinOpExprNode (StringExpressionNode (StringNode (StringExprsNode (StringExpressionNode (StringNode 'HI') STRING))) STRING) ADD (ArrayExprNode (ExprsNode (IntExprNode 1 INT) (IntExprNode 2 INT) (IntExprNode 3 INT)) INT[]) STRING) STRING))
	(ExprStmtNode (BinOpExprNode (BindingNode x) SET (BinOpExprNode (StringExpressionNode (StringNode (StringExprsNode (StringExpressionNode (StringNode 'HI') STRING))) STRING) ADD (TupleExprNode (ExprsNode (FloatExprNode 2.000000 FLOAT) (IntExprNode 3 INT) (BoolExprNode true BOOL)) (FLOAT, INT, BOOL)) STRING) STRING))
	(ExprStmtNode (BinOpExprNode (BindingNode x) SET (BinOpExprNode (StringExpressionNode (StringNode (StringExprsNode (StringExpressionNode (StringNode 'HI') STRING))) STRING) ADD (LambdaExprNode (BindingsNode (BindingNode a (IntTypeNode INT))) (ReturnStmtNode (LValueExprNode (VarExprNode a INT) INT)) (fn (INT) -> INT)) STRING) STRING))
	(ExprStmtNode (BinOpExprNode (BindingNode x) SET (BinOpExprNode (IntExprNode 1 INT) ADD (StringExpressionNode (StringNode (StringExprsNode (StringExpressionNode (StringNode 'HI') STRING))) STRING) STRING) STRING))
	(ExprStmtNode (BinOpExprNode (BindingNode x) SET (BinOpExprNode (FloatExprNode 2.300000 FLOAT) ADD (StringExpressionNode (StringNode (StringExprsNode (StringExpressionNode (StringNode 'HI') STRING))) STRING) STRING) STRING))
	(ExprStmtNode (BinOpExprNode (BindingNode x) SET (BinOpExprNode (BoolExprNode true BOOL) ADD (StringExpressionNode (StringNode (StringExprsNode (StringExpressionNode (StringNode 'HI') STRING))) STRING) STRING) STRING))
	(ExprStmtNode (BinOpExprNode (BindingNode x) SET (BinOpExprNode (ArrayExprNode (ExprsNode (IntExprNode 1 INT) (IntExprNode 2 INT) (IntExprNode 3 INT)) INT[]) ADD (StringExpressionNode (StringNode (StringExprsNode (StringExpressionNode (StringNode 'HI') STRING))) STRING) STRING) STRING))
	(ExprStmtNode (BinOpExprNode (BindingNode x) SET (BinOpExprNode (TupleExprNode (ExprsNode (FloatExprNode 2.000000 FLOAT) (IntExprNode 3 INT) (BoolExprNode true BOOL)) (FLOAT, INT, BOOL)) ADD (StringExpressionNode (StringNode (StringExprsNode (StringExpressionNode (StringNode 'HI') STRING))) STRING) STRING) STRING))
	(ExprStmtNode (BinOpExprNode (BindingNode x) SET (BinOpExprNode (LambdaExprNode (BindingsNode (BindingNode a (IntTypeNode INT))) (ReturnStmtNode (LValueExprNode (VarExprNode a INT) INT)) (fn (INT) -> INT)) ADD (StringExpressionNode (StringNode (StringExprsNode (StringExpressionNode (StringNode 'HI') STRING))) STRING) STRING) STRING))
	(ExprStmtNode (BinOpExprNode (VarLValueNode x STRING) ADD_SET (IntExprNode 1 INT) STRING))
	(ExprStmtNode (BinOpExprNode (VarLValueNode x STRING) ADD_SET (FloatExprNode 2.300000 FLOAT) STRING))
	(ExprStmtNode (BinOpExprNode (VarLValueNode x STRING) ADD_SET (BoolExprNode true BOOL) STRING))
	(ExprStmtNode (BinOpExprNode (VarLValueNode x STRING) ADD_SET (ArrayExprNode (ExprsNode (IntExprNode 1 INT) (IntExprNode 2 INT) (IntExprNode 3 INT)) INT[]) STRING))
	(ExprStmtNode (BinOpExprNode (VarLValueNode x STRING) ADD_SET (TupleExprNode (ExprsNode (FloatExprNode 2.000000 FLOAT) (IntExprNode 3 INT) (BoolExprNode true BOOL)) (FLOAT, INT, BOOL)) STRING))
	(ExprStmtNode (BinOpExprNode (VarLValueNode x STRING) ADD_SET (StringExpressionNode (StringNode (StringExprsNode (StringExpressionNode (StringNode 'cool') STRING))) STRING) STRING))
	(ExprStmtNode (BinOpExprNode (VarLValueNode x STRING) ADD_SET (LambdaExprNode (BindingsNode (BindingNode a (IntTypeNode INT))) (ReturnStmtNode (LValueExprNode (VarExprNode a INT) INT)) (fn (INT) -> INT)) STRING)))
