(PrgmNode
	(ExprStmtNode (BinOpExprNode (BindingNode a) SET (IntExprNode 1 INT) INT))
	(ExprStmtNode (BinOpExprNode (BindingNode b) SET (IndexExprNode (TupleExprNode (ExprsNode (FloatExprNode 1.000000 FLOAT) (BoolExprNode false BOOL)) (FLOAT, BOOL)) (LValueExprNode (VarExprNode a INT) INT))))
	(ExprStmtNode (BinOpExprNode (IndexLValueNode (VarLValueNode b) (LValueExprNode (VarExprNode a INT) INT)) SET (IntExprNode 3 INT) INT)))
