VARIABLE 'a' 2:1
EQUALS '=' 2:3
STRINGVAL 2:5
[
STRINGLITERAL 'Hi' 2:6
STRINGVAL 2:11
[
STRINGLITERAL 'There$' 2:13
BACKTICK '`' 2:20
CMDSTRINGVAL 'echo' 2:21
STRINGVAL 2:26
[
STRINGLITERAL 'Sum$' 2:28
INTVAL '3' 2:33
ADD '+' 2:35
INTVAL '4' 2:37
]
BACKTICK '`' 2:40
]
]
SEMICOLON ';' 2:46
END_OF_FILE 2:47
