VARIABLE 'message' 2:1
LPAREN '(' 2:8
VARIABLE 'msg' 3:5
COLON ':' 4:5
STRING 'string' 5:5
RPAREN ')' 6:1
COLON ':' 7:1
STRING 'string' 8:1
LCURLY '{' 8:8
CMDSTRINGVAL 'echo' 9:5
CMDSTRINGVAL 'Hello' 10:5
CMDSTRINGVAL 'World!' 11:5
SEMICOLON ';' 11:11
VARIABLE 'a' 12:5
COLON ':' 12:6
INT 'int' 13:5
EQUALS '=' 13:9
INTVAL '1' 14:5
OP '-' 14:7
INTVAL '2' 15:5
SEMICOLON ';' 15:6
RETURN 'return' 21:5
STRINGVAL 21:12
[
STRINGLITERAL 'This is my multiline string.
This is my message: ' 21:13
VARIABLE 'msg' 24:13
STRINGLITERAL '
That is all!' 25:10
]
SEMICOLON ';' 27:6
RCURLY '}' 28:1
SEMICOLON ';' 28:2
VARIABLE 'a' 30:1
EQUALS '=' 31:1
VARIABLE 'message' 32:1
LPAREN '(' 32:8
STRINGVAL 33:5
[
STRINGLITERAL 'Hello World!' 33:6
]
RPAREN ')' 34:1
SEMICOLON ';' 34:2
END_OF_FILE 35:1
