VARIABLE 'arr' 2:1
EQUALS '=' 2:5
LSQUARE '[' 2:7
INTVAL '1' 2:8
COMMA ',' 2:9
INTVAL '2' 2:11
COMMA ',' 2:12
INTVAL '3' 2:14
RSQUARE ']' 2:15
SEMICOLON ';' 2:16
VARIABLE 'length' 3:1
EQUALS '=' 3:8
VARIABLE 'arr' 3:10
DOT '.' 3:13
VARIABLE 'length' 3:14
LPAREN '(' 3:20
RPAREN ')' 3:21
SEMICOLON ';' 3:22
VARIABLE 'second' 4:1
EQUALS '=' 4:8
VARIABLE 'arr' 4:10
LSQUARE '[' 4:13
INTVAL '1' 4:14
RSQUARE ']' 4:15
SEMICOLON ';' 4:16
END_OF_FILE 4:17
