FN 'fn' 2:1
VARIABLE 'func' 2:4
LPAREN '(' 2:8
VARIABLE 'a' 3:5
COLON ':' 3:6
INT 'int' 3:9
COMMA ',' 3:12
VARIABLE 'b' 4:5
COLON ':' 4:6
FLOAT 'float' 4:9
COMMA ',' 4:14
VARIABLE 'c' 5:5
COLON ':' 5:7
BOOL 'bool' 5:9
COMMA ',' 5:13
VARIABLE 'd' 6:5
COLON ':' 6:7
STRING 'string' 6:9
COMMA ',' 6:15
VARIABLE 'e' 7:5
COLON ':' 7:7
INT 'int' 7:9
LSQUARE '[' 7:12
RSQUARE ']' 7:13
COMMA ',' 7:14
VARIABLE 'f' 8:5
COLON ':' 8:7
FLOAT 'float' 8:9
LSQUARE '[' 8:14
RSQUARE ']' 8:15
COMMA ',' 8:16
VARIABLE 'g' 9:5
COLON ':' 9:7
BOOL 'bool' 9:9
LSQUARE '[' 9:13
RSQUARE ']' 9:14
COMMA ',' 9:15
VARIABLE 'h' 10:5
COLON ':' 10:7
STRING 'string' 10:9
LSQUARE '[' 10:15
RSQUARE ']' 10:16
COMMA ',' 10:17
VARIABLE 'i' 11:5
COLON ':' 11:7
INT 'int' 11:9
LSQUARE '[' 11:12
RSQUARE ']' 11:13
LSQUARE '[' 11:14
RSQUARE ']' 11:15
COMMA ',' 11:16
VARIABLE 'j' 12:5
COLON ':' 12:7
FLOAT 'float' 12:9
LSQUARE '[' 12:14
RSQUARE ']' 12:15
LSQUARE '[' 12:16
RSQUARE ']' 12:17
COMMA ',' 12:18
VARIABLE 'k' 13:5
COLON ':' 13:7
BOOL 'bool' 13:9
LSQUARE '[' 13:13
RSQUARE ']' 13:14
LSQUARE '[' 13:15
RSQUARE ']' 13:16
COMMA ',' 13:17
VARIABLE 'l' 14:5
COLON ':' 14:7
STRING 'string' 14:9
LSQUARE '[' 14:15
RSQUARE ']' 14:16
LSQUARE '[' 14:17
RSQUARE ']' 14:18
COMMA ',' 14:19
VARIABLE 'm' 15:5
COLON ':' 15:7
LPAREN '(' 15:9
INT 'int' 15:10
COMMA ',' 15:13
FLOAT 'float' 15:15
COMMA ',' 15:20
BOOL 'bool' 15:22
COMMA ',' 15:26
STRING 'string' 15:28
RPAREN ')' 15:34
COMMA ',' 15:35
VARIABLE 'n' 16:5
COLON ':' 16:7
LPAREN '(' 16:9
INT 'int' 16:10
LSQUARE '[' 16:13
RSQUARE ']' 16:14
COMMA ',' 16:15
FLOAT 'float' 16:17
LSQUARE '[' 16:22
RSQUARE ']' 16:23
COMMA ',' 16:24
BOOL 'bool' 16:26
LSQUARE '[' 16:30
RSQUARE ']' 16:31
COMMA ',' 16:32
STRING 'string' 16:34
LSQUARE '[' 16:40
RSQUARE ']' 16:41
RPAREN ')' 16:42
LSQUARE '[' 16:43
RSQUARE ']' 16:44
COMMA ',' 16:45
VARIABLE 'o' 17:5
COLON ':' 17:7
LPAREN '(' 17:9
LPAREN '(' 17:10
INT 'int' 17:11
COMMA ',' 17:14
FLOAT 'float' 17:16
COMMA ',' 17:21
BOOL 'bool' 17:23
COMMA ',' 17:27
STRING 'string' 17:29
RPAREN ')' 17:35
COMMA ',' 17:36
LPAREN '(' 17:38
INT 'int' 17:39
LSQUARE '[' 17:42
RSQUARE ']' 17:43
COMMA ',' 17:44
FLOAT 'float' 17:46
LSQUARE '[' 17:51
RSQUARE ']' 17:52
COMMA ',' 17:53
BOOL 'bool' 17:55
LSQUARE '[' 17:59
RSQUARE ']' 17:60
COMMA ',' 17:61
STRING 'string' 17:63
LSQUARE '[' 17:69
RSQUARE ']' 17:70
RPAREN ')' 17:71
COMMA ',' 17:72
LPAREN '(' 17:74
INT 'int' 17:75
LSQUARE '[' 17:78
RSQUARE ']' 17:79
LSQUARE '[' 17:80
RSQUARE ']' 17:81
COMMA ',' 17:82
FLOAT 'float' 17:84
LSQUARE '[' 17:89
RSQUARE ']' 17:90
LSQUARE '[' 17:91
RSQUARE ']' 17:92
COMMA ',' 17:93
BOOL 'bool' 17:95
LSQUARE '[' 17:99
RSQUARE ']' 17:100
LSQUARE '[' 17:101
RSQUARE ']' 17:102
COMMA ',' 17:103
STRING 'string' 17:105
LSQUARE '[' 17:111
RSQUARE ']' 17:112
LSQUARE '[' 17:113
RSQUARE ']' 17:114
RPAREN ')' 17:115
RPAREN ')' 17:116
LSQUARE '[' 17:117
RSQUARE ']' 17:118
LSQUARE '[' 17:119
RSQUARE ']' 17:120
COMMA ',' 17:121
VARIABLE 'p' 18:5
COLON ':' 18:7
LPAREN '(' 18:9
RPAREN ')' 18:10
LAMBDA '->' 18:12
INT 'int' 18:15
COMMA ',' 18:18
VARIABLE 'q' 19:5
COLON ':' 19:7
LPAREN '(' 19:9
INT 'int' 19:10
COMMA ',' 19:13
FLOAT 'float' 19:15
COMMA ',' 19:20
BOOL 'bool' 19:22
COMMA ',' 19:26
STRING 'string' 19:28
RPAREN ')' 19:34
LAMBDA '->' 19:36
LPAREN '(' 19:39
INT 'int' 19:40
COMMA ',' 19:43
FLOAT 'float' 19:45
COMMA ',' 19:50
BOOL 'bool' 19:52
COMMA ',' 19:56
STRING 'string' 19:58
RPAREN ')' 19:64
COMMA ',' 19:65
VARIABLE 'r' 20:5
COLON ':' 20:7
LPAREN '(' 20:9
INT 'int' 20:10
LSQUARE '[' 20:13
RSQUARE ']' 20:14
COMMA ',' 20:15
FLOAT 'float' 20:17
LSQUARE '[' 20:22
RSQUARE ']' 20:23
COMMA ',' 20:24
BOOL 'bool' 20:26
LSQUARE '[' 20:30
RSQUARE ']' 20:31
COMMA ',' 20:32
STRING 'string' 20:34
LSQUARE '[' 20:40
RSQUARE ']' 20:41
RPAREN ')' 20:42
LAMBDA '->' 20:44
LPAREN '(' 20:47
INT 'int' 20:48
COMMA ',' 20:51
FLOAT 'float' 20:53
COMMA ',' 20:58
BOOL 'bool' 20:60
COMMA ',' 20:64
STRING 'string' 20:66
RPAREN ')' 20:72
LSQUARE '[' 20:73
RSQUARE ']' 20:74
RPAREN ')' 21:1
COLON ':' 21:3
LPAREN '(' 21:5
INT 'int' 22:5
COMMA ',' 22:8
FLOAT 'float' 23:5
COMMA ',' 23:10
BOOL 'bool' 24:5
COMMA ',' 24:9
STRING 'string' 25:5
COMMA ',' 25:11
INT 'int' 26:5
LSQUARE '[' 26:8
RSQUARE ']' 26:9
COMMA ',' 26:10
FLOAT 'float' 27:5
LSQUARE '[' 27:10
RSQUARE ']' 27:11
COMMA ',' 27:12
BOOL 'bool' 28:5
LSQUARE '[' 28:9
RSQUARE ']' 28:10
COMMA ',' 28:11
STRING 'string' 29:5
LSQUARE '[' 29:11
RSQUARE ']' 29:12
COMMA ',' 29:13
INT 'int' 30:5
LSQUARE '[' 30:8
RSQUARE ']' 30:9
LSQUARE '[' 30:10
RSQUARE ']' 30:11
COMMA ',' 30:12
FLOAT 'float' 31:5
LSQUARE '[' 31:10
RSQUARE ']' 31:11
LSQUARE '[' 31:12
RSQUARE ']' 31:13
COMMA ',' 31:14
BOOL 'bool' 32:5
LSQUARE '[' 32:9
RSQUARE ']' 32:10
LSQUARE '[' 32:11
RSQUARE ']' 32:12
COMMA ',' 32:13
STRING 'string' 33:5
LSQUARE '[' 33:11
RSQUARE ']' 33:12
LSQUARE '[' 33:13
RSQUARE ']' 33:14
COMMA ',' 33:15
LPAREN '(' 34:5
INT 'int' 34:6
COMMA ',' 34:9
FLOAT 'float' 34:11
COMMA ',' 34:16
BOOL 'bool' 34:18
COMMA ',' 34:22
STRING 'string' 34:24
RPAREN ')' 34:30
COMMA ',' 34:31
LPAREN '(' 35:5
INT 'int' 35:6
LSQUARE '[' 35:9
RSQUARE ']' 35:10
COMMA ',' 35:11
FLOAT 'float' 35:13
LSQUARE '[' 35:18
RSQUARE ']' 35:19
COMMA ',' 35:20
BOOL 'bool' 35:22
LSQUARE '[' 35:26
RSQUARE ']' 35:27
COMMA ',' 35:28
STRING 'string' 35:30
LSQUARE '[' 35:36
RSQUARE ']' 35:37
RPAREN ')' 35:38
LSQUARE '[' 35:39
RSQUARE ']' 35:40
COMMA ',' 35:41
LPAREN '(' 36:5
LPAREN '(' 36:6
INT 'int' 36:7
COMMA ',' 36:10
FLOAT 'float' 36:12
COMMA ',' 36:17
BOOL 'bool' 36:19
COMMA ',' 36:23
STRING 'string' 36:25
RPAREN ')' 36:31
COMMA ',' 36:32
LPAREN '(' 36:34
INT 'int' 36:35
LSQUARE '[' 36:38
RSQUARE ']' 36:39
COMMA ',' 36:40
FLOAT 'float' 36:42
LSQUARE '[' 36:47
RSQUARE ']' 36:48
COMMA ',' 36:49
BOOL 'bool' 36:51
LSQUARE '[' 36:55
RSQUARE ']' 36:56
COMMA ',' 36:57
STRING 'string' 36:59
LSQUARE '[' 36:65
RSQUARE ']' 36:66
RPAREN ')' 36:67
COMMA ',' 36:68
LPAREN '(' 36:70
INT 'int' 36:71
LSQUARE '[' 36:74
RSQUARE ']' 36:75
LSQUARE '[' 36:76
RSQUARE ']' 36:77
COMMA ',' 36:78
FLOAT 'float' 36:80
LSQUARE '[' 36:85
RSQUARE ']' 36:86
LSQUARE '[' 36:87
RSQUARE ']' 36:88
COMMA ',' 36:89
BOOL 'bool' 36:91
LSQUARE '[' 36:95
RSQUARE ']' 36:96
LSQUARE '[' 36:97
RSQUARE ']' 36:98
COMMA ',' 36:99
STRING 'string' 36:101
LSQUARE '[' 36:107
RSQUARE ']' 36:108
LSQUARE '[' 36:109
RSQUARE ']' 36:110
RPAREN ')' 36:111
RPAREN ')' 36:112
LSQUARE '[' 36:113
RSQUARE ']' 36:114
LSQUARE '[' 36:115
RSQUARE ']' 36:116
COMMA ',' 36:117
INT 'int' 37:5
COMMA ',' 37:8
LPAREN '(' 38:5
INT 'int' 38:6
COMMA ',' 38:9
FLOAT 'float' 38:11
COMMA ',' 38:16
BOOL 'bool' 38:18
COMMA ',' 38:22
STRING 'string' 38:24
RPAREN ')' 38:30
LAMBDA '->' 38:32
LPAREN '(' 38:35
INT 'int' 38:36
COMMA ',' 38:39
FLOAT 'float' 38:41
COMMA ',' 38:46
BOOL 'bool' 38:48
COMMA ',' 38:52
STRING 'string' 38:54
RPAREN ')' 38:60
COMMA ',' 38:61
LPAREN '(' 39:5
INT 'int' 39:6
LSQUARE '[' 39:9
RSQUARE ']' 39:10
COMMA ',' 39:11
FLOAT 'float' 39:13
LSQUARE '[' 39:18
RSQUARE ']' 39:19
COMMA ',' 39:20
BOOL 'bool' 39:22
LSQUARE '[' 39:26
RSQUARE ']' 39:27
COMMA ',' 39:28
STRING 'string' 39:30
LSQUARE '[' 39:36
RSQUARE ']' 39:37
RPAREN ')' 39:38
LAMBDA '->' 39:40
LPAREN '(' 39:43
INT 'int' 39:44
COMMA ',' 39:47
FLOAT 'float' 39:49
COMMA ',' 39:54
BOOL 'bool' 39:56
COMMA ',' 39:60
STRING 'string' 39:62
RPAREN ')' 39:68
LSQUARE '[' 39:69
RSQUARE ']' 39:70
RPAREN ')' 40:1
LCURLY '{' 40:3
VARIABLE 'z' 41:5
COLON ':' 41:6
INT 'int' 41:8
EQUALS '=' 41:12
VARIABLE 'a' 41:15
SEMICOLON ';' 41:16
VARIABLE 'y' 42:5
COLON ':' 42:7
FLOAT 'float' 42:9
EQUALS '=' 42:15
VARIABLE 'b' 42:17
SEMICOLON ';' 42:18
VARIABLE 'x' 43:5
COLON ':' 43:7
BOOL 'bool' 43:9
EQUALS '=' 43:14
VARIABLE 'c' 43:16
SEMICOLON ';' 43:17
VARIABLE 'w' 44:5
COLON ':' 44:7
STRING 'string' 44:9
EQUALS '=' 44:16
VARIABLE 'd' 44:18
SEMICOLON ';' 44:19
RETURN 'return' 45:5
LPAREN '(' 45:12
VARIABLE 'z' 45:13
COMMA ',' 45:14
VARIABLE 'y' 45:16
COMMA ',' 45:17
VARIABLE 'x' 45:19
COMMA ',' 45:20
VARIABLE 'w' 45:22
COMMA ',' 45:23
VARIABLE 'e' 45:25
COMMA ',' 45:26
VARIABLE 'f' 45:28
COMMA ',' 45:29
VARIABLE 'g' 45:31
COMMA ',' 45:32
VARIABLE 'h' 45:34
COMMA ',' 45:35
VARIABLE 'i' 45:37
COMMA ',' 45:38
VARIABLE 'j' 45:40
COMMA ',' 45:41
VARIABLE 'k' 45:43
COMMA ',' 45:44
VARIABLE 'l' 45:46
COMMA ',' 45:47
VARIABLE 'm' 45:49
COMMA ',' 45:50
VARIABLE 'n' 45:52
COMMA ',' 45:53
VARIABLE 'o' 45:55
COMMA ',' 45:56
VARIABLE 'p' 45:58
LPAREN '(' 45:59
RPAREN ')' 45:60
COMMA ',' 45:61
VARIABLE 'q' 45:63
COMMA ',' 45:64
VARIABLE 'r' 45:66
RPAREN ')' 45:67
SEMICOLON ';' 45:68
RCURLY '}' 46:1
END_OF_FILE 46:2
