FN 'fn' 2:1
VARIABLE 'func' 4:1
LPAREN '(' 6:1
VARIABLE 'a' 8:1
COLON ':' 10:1
INT 'int' 12:1
RPAREN ')' 14:1
COLON ':' 16:1
FLOAT 'float' 18:1
LSQUARE '[' 20:1
RSQUARE ']' 22:1
LCURLY '{' 24:1
CMDSTRINGVAL 'git' 26:1
CMDSTRINGVAL 'clone' 28:1
CMDSTRINGVAL 'https://myrepo.git' 30:1
SEMICOLON ';' 32:1
VARIABLE 'a' 34:1
ADD_EQUALS '+=' 36:1
INTVAL '2' 38:1
SEMICOLON ';' 40:1
CMDSTRINGVAL 'a' 42:1
CMDSTRINGVAL '++' 44:1
SEMICOLON ';' 46:1
DECREMENT '--' 48:1
VARIABLE 'a' 50:1
SEMICOLON ';' 52:1
RETURN 'return' 54:1
VARIABLE 'func' 56:1
LPAREN '(' 58:1
VARIABLE 'a' 60:1
RPAREN ')' 62:1
SEMICOLON ';' 64:1
RCURLY '}' 66:1
END_OF_FILE 68:1
