VARIABLE 'func' 2:1
LPAREN '(' 4:1
VARIABLE 'a' 6:1
COLON ':' 8:1
INT 'int' 10:1
RPAREN ')' 12:1
COLON ':' 14:1
FLOAT 'float' 16:1
LSQUARE '[' 18:1
RSQUARE ']' 20:1
LCURLY '{' 22:1
CMDSTRINGVAL 'git' 24:1
CMDSTRINGVAL 'clone' 26:1
CMDSTRINGVAL 'https://myrepo.git' 28:1
SEMICOLON ';' 30:1
VARIABLE 'a' 32:1
ADD_EQUALS '+=' 34:1
INTVAL '2' 36:1
SEMICOLON ';' 38:1
CMDSTRINGVAL 'a' 40:1
CMDSTRINGVAL '++' 42:1
SEMICOLON ';' 44:1
DECREMENT '--' 46:1
VARIABLE 'a' 48:1
SEMICOLON ';' 50:1
RETURN 'return' 52:1
VARIABLE 'func' 54:1
LPAREN '(' 56:1
VARIABLE 'a' 58:1
RPAREN ')' 60:1
SEMICOLON ';' 62:1
RCURLY '}' 64:1
END_OF_FILE 66:1
