VARIABLE 'x' 2:1
EQUALS '=' 2:3
LSQUARE '[' 2:5
FLOATVAL '3.' 2:6
COMMA ',' 2:8
DOT '.' 2:10
INTVAL '5' 2:11
COMMA ',' 2:12
FLOATVAL '0.5' 2:14
COMMA ',' 2:17
FLOATVAL '1.2' 2:19
DOT '.' 2:22
INTVAL '3' 2:23
COMMA ',' 2:24
FLOATVAL '1234.24' 2:26
DOT '.' 2:33
FLOATVAL '35.4' 2:34
DOT '.' 2:38
INTVAL '55' 2:39
RSQUARE ']' 2:41
SEMICOLON ';' 2:42
END_OF_FILE 2:43
