VARIABLE 'vec' 2:1
EQUALS '=' 2:5
STRINGVAL '"' 2:7
STRINGLITERAL 'x, y, z is ' 2:9
VARIABLE 'vec' 2:21
DOT '.' 2:24
VARIABLE 'x' 2:25
LPAREN '(' 2:26
RPAREN ')' 2:27
STRINGLITERAL ', ' 2:29
VARIABLE 'vec' 2:32
DOT '.' 2:35
VARIABLE 'y' 2:36
LPAREN '(' 2:37
RPAREN ')' 2:38
STRINGLITERAL ', ' 2:40
VARIABLE 'vec' 2:43
DOT '.' 2:46
VARIABLE 'z' 2:47
LPAREN '(' 2:48
RPAREN ')' 2:49
STRINGLITERAL '' 2:51
ENDSTRINGVAL '"' 2:51
SEMICOLON ';' 2:52
END_OF_FILE 2:53
