ADD '+' 2:1
MINUS_EQUALS '-=' 2:2
VARIABLE '_' 2:4
RPAREN ')' 2:5
INTVAL '0' 2:6
LPAREN '(' 2:7
INTVAL '9' 2:8
MULTIPLY '*' 2:9
INTVAL '8' 2:10
AMPERSAND '&' 2:11
INTVAL '7' 2:12
CMDSTRINGVAL '^6%5$4#3@2!1~' 2:13
BACKTICK '`' 2:26
BACKTICK '`' 2:27
RCURLY '}' 2:28
RSQUARE ']' 2:29
PIPE '|' 2:30
CMDSTRINGVAL '\{[PpOoIiUuYyTtRrEeWwQq' 2:31
STRINGVAL '"' 2:55
STRINGLITERAL '' 2:56
ENDSTRINGVAL '"' 2:56
STRINGVAL ''' 2:57
STRINGLITERAL '' 2:58
ENDSTRINGVAL ''' 2:58
COLON ':' 2:59
VARIABLE 'LlKkJj' 2:60
VARIABLE 'HhGgFfD' 2:67
VARIABLE 'dSsAa' 3:1
DIVIDE '/' 3:6
GREATER '>' 3:7
DOT '.' 3:8
LESSER '<' 3:9
COMMA ',' 3:10
VARIABLE 'MmNnBbVvCcXxZz' 3:11
CMDSTRINGVAL '?' 3:25
SEMICOLON ';' 3:26
END_OF_FILE 3:27
