STRINGVAL ''' 2:1
STRINGLITERAL '\{' 2:3
ENDSTRINGVAL ''' 2:6
SEMICOLON ';' 2:7
STRINGVAL '"' 3:1
STRINGLITERAL '\}' 3:3
ENDSTRINGVAL '"' 3:6
SEMICOLON ';' 3:7
STRINGVAL ''' 4:1
STRINGLITERAL '\}' 4:3
ENDSTRINGVAL ''' 4:6
SEMICOLON ';' 4:7
STRINGVAL '"' 5:1
STRINGLITERAL '\t' 5:3
ENDSTRINGVAL '"' 5:6
SEMICOLON ';' 5:7
STRINGVAL ''' 6:1
STRINGLITERAL '\\t' 6:3
ENDSTRINGVAL ''' 6:6
SEMICOLON ';' 6:7
STRINGVAL '"' 7:1
STRINGLITERAL '\n' 7:3
ENDSTRINGVAL '"' 7:6
SEMICOLON ';' 7:7
STRINGVAL ''' 8:1
STRINGLITERAL '\\n' 8:3
ENDSTRINGVAL ''' 8:6
SEMICOLON ';' 8:7
STRINGVAL '"' 9:1
STRINGLITERAL 'ab' 9:3
ENDSTRINGVAL '"' 10:2
SEMICOLON ';' 10:3
STRINGVAL ''' 11:1
STRINGLITERAL 'ab' 11:3
ENDSTRINGVAL ''' 12:2
SEMICOLON ';' 12:3
STRINGVAL '"' 13:1
STRINGLITERAL 'a\
b' 13:3
ENDSTRINGVAL '"' 14:2
SEMICOLON ';' 14:3
STRINGVAL ''' 15:1
STRINGLITERAL 'a\b' 15:3
ENDSTRINGVAL ''' 16:2
SEMICOLON ';' 16:3
END_OF_FILE 16:4
