VARIABLE 'x' 2:1
EQUALS '=' 2:3
STRINGVAL '"' 2:5
STRINGLITERAL 'Hi $' 2:7
STRINGVAL '"' 2:12
STRINGLITERAL 'there' 2:13
ENDSTRINGVAL '"' 2:18
STRINGLITERAL '!' 2:20
ENDSTRINGVAL '"' 2:21
SEMICOLON ';' 2:22
VARIABLE 'x' 3:1
EQUALS '=' 3:3
STRINGVAL '"' 3:5
STRINGLITERAL 'Hi ' 3:6
STRINGVAL '"' 3:11
STRINGLITERAL 'there' 3:12
ENDSTRINGVAL '"' 3:17
STRINGLITERAL '!' 3:19
ENDSTRINGVAL '"' 3:20
SEMICOLON ';' 3:21
END_OF_FILE 3:22
