VARIABLE 'x' 2:1
EQUALS '=' 2:3
STRINGVAL 2:5
[
STRINGLITERAL 'Hi $' 2:7
STRINGVAL 2:12
[
STRINGLITERAL 'there' 2:13
]
STRINGLITERAL '!' 2:20
]
SEMICOLON ';' 2:22
VARIABLE 'x' 3:1
EQUALS '=' 3:3
STRINGVAL 3:5
[
STRINGLITERAL 'Hi ' 3:7
STRINGVAL 3:12
[
STRINGLITERAL 'there' 3:13
]
STRINGLITERAL '!' 3:20
]
SEMICOLON ';' 3:22
END_OF_FILE 3:23
