VARIABLE 'a' 2:1
LSQUARE '[' 2:2
VARIABLE 'i' 2:3
RSQUARE ']' 2:4
EQUALS '=' 2:6
INTVAL '1' 2:8
SEMICOLON ';' 2:9
VARIABLE 'a' 3:1
LSQUARE '[' 3:2
VARIABLE 'i' 3:3
RSQUARE ']' 3:4
ADD_EQUALS '+=' 3:6
INTVAL '1' 3:9
SEMICOLON ';' 3:10
VARIABLE 'a' 4:1
LSQUARE '[' 4:2
VARIABLE 'i' 4:3
RSQUARE ']' 4:4
MINUS_EQUALS '-=' 4:6
INTVAL '1' 4:9
SEMICOLON ';' 4:10
VARIABLE 'a' 5:1
LSQUARE '[' 5:2
VARIABLE 'i' 5:3
RSQUARE ']' 5:4
MULTIPLY_EQUALS '*=' 5:6
INTVAL '1' 5:9
SEMICOLON ';' 5:10
VARIABLE 'a' 6:1
LSQUARE '[' 6:2
VARIABLE 'i' 6:3
RSQUARE ']' 6:4
DIVIDE_EQUALS '/=' 6:6
INTVAL '1' 6:9
SEMICOLON ';' 6:10
VARIABLE 'a' 7:1
LSQUARE '[' 7:2
VARIABLE 'i' 7:3
RSQUARE ']' 7:4
MODULO_EQUALS '%=' 7:6
INTVAL '1' 7:9
SEMICOLON ';' 7:10
VARIABLE 'a' 8:1
LSQUARE '[' 8:2
VARIABLE 'i' 8:3
RSQUARE ']' 8:4
EXPONENTIATE_EQUALS '**=' 8:6
INTVAL '1' 8:10
SEMICOLON ';' 8:11
VARIABLE 'a' 9:1
LSQUARE '[' 9:2
VARIABLE 'i' 9:3
RSQUARE ']' 9:4
INCREMENT '++' 9:5
SEMICOLON ';' 9:7
VARIABLE 'a' 10:1
LSQUARE '[' 10:2
VARIABLE 'i' 10:3
RSQUARE ']' 10:4
DECREMENT '--' 10:5
SEMICOLON ';' 10:7
INCREMENT '++' 11:1
VARIABLE 'a' 11:3
LSQUARE '[' 11:4
VARIABLE 'i' 11:5
RSQUARE ']' 11:6
SEMICOLON ';' 11:7
DECREMENT '--' 12:1
VARIABLE 'a' 12:3
LSQUARE '[' 12:4
VARIABLE 'i' 12:5
RSQUARE ']' 12:6
SEMICOLON ';' 12:7
NOT '!' 13:1
VARIABLE 'a' 13:2
LSQUARE '[' 13:3
VARIABLE 'i' 13:4
RSQUARE ']' 13:5
SEMICOLON ';' 13:6
MINUS '-' 14:1
VARIABLE 'a' 14:2
LSQUARE '[' 14:3
VARIABLE 'i' 14:4
RSQUARE ']' 14:5
SEMICOLON ';' 14:6
END_OF_FILE 14:7
