FOR 'for' 1:1
LPAREN '(' 1:5
VARIABLE 'i' 1:6
EQUALS '=' 1:7
INTVAL '1' 1:8
SEMICOLON ';' 1:9
VARIABLE 'i' 1:11
LESSER '<' 1:13
INTVAL '10' 1:15
SEMICOLON ';' 1:17
VARIABLE 'i' 1:19
INCREMENT '++' 1:20
RPAREN ')' 1:22
CMDSTRINGVAL 'echo' 1:24
CMDSTRINGVAL 'hi' 1:29
SEMICOLON ';' 1:31
END_OF_FILE 1:32