(PrgmNode
	(CmdStmtNode (BasicCmdNode (StringNode 'echo') (StringNode (StringExprsNode (StringExpressionNode (StringNode 'int float bool string array tuple function echo "Hello, World!"
        length() [] () &  | alias = const while do for if else + - / %  ** += -=
        /= %= **= "UT" + "AH"  (x) -> {return 0;} scan read \\ // ln"')))))))
