(PrgmNode
	(ForStmtNode (BinOpExprNode (IdentVariableNode x) SET (IntExprNode 0)) (BinOpExprNode (VarExprNode (IdentVariableNode x)) LESSER (IntExprNode 0)) (UnOpExprNode (VarExprNode (IdentVariableNode x)) POST_INCREMENT) (ScopeStmtNode (StmtsNode
	(CmdStmtNode (CmdCmdNode (StringNode 'echo') (StringNode (StringExprsNode (StringExpressionNode (StringNode 'Hello World!'))))))))))
