(PrgmNode
	(FunctionStmtNode add (BindingsNode (BindingNode a (TupleTypeNode (TypesNode (TupleTypeNode (TypesNode (IntTypeNode) (IntTypeNode))) (FloatTypeNode)))) (BindingNode b (FloatTypeNode))) (TupleTypeNode (TypesNode (FloatTypeNode) (FloatTypeNode))) (ScopeStmtNode (StmtsNode
	(ReturnStmtNode (TupleExprNode (ExprsNode (BinOpExprNode (LValueExprNode (IndexExprNode (IndexExprNode (VarExprNode a) (IntExprNode 0)) (IntExprNode 0))) ADD (LValueExprNode (VarExprNode b))) (LValueExprNode (VarExprNode b))))))))
	(ExprStmtNode (BinOpExprNode (BindingNode result) SET (CallExprNode (LValueExprNode (VarExprNode add)) (ExprsNode (TupleExprNode (ExprsNode (TupleExprNode (ExprsNode (IntExprNode 1) (IntExprNode 2))) (FloatExprNode 3.000000))) (FloatExprNode 3.141593))))))
