(PrgmNode
	(ForStmtNode (BinOpExprNode (BindingNode i) SET (BinOpExprNode (IntExprNode 0) ADD (IntExprNode 9))) (BinOpExprNode (BinOpExprNode (LValueExprNode (VarExprNode i)) LESSER (IntExprNode 2)) OR (IndexExprNode (TupleExprNode (ExprsNode (BoolExprNode true) (BoolExprNode false))) (IntExprNode 1))) (BinOpExprNode (BindingNode i) SET (BinOpExprNode (LValueExprNode (VarExprNode i)) ADD (IntExprNode 9))) (ScopeStmtNode (StmtsNode
	(CmdStmtNode (BasicCmdNode (StringNode 'echo') (StringNode (StringExprsNode (StringExpressionNode (StringNode 'Hi'))))))))))
