(PrgmNode
	(WhileStmtNode (BinOpExprNode (BinOpExprNode (VarExprNode (IdentVariableNode i)) LESSER (IntExprNode 2)) OR (IndexExprNode (TupleExprNode (ExprsNode (BoolExprNode true) (BoolExprNode false))) (IntExprNode 1))) (ScopeStmtNode (StmtsNode
	(CmdStmtNode (CmdCmdNode (StringNode 'echo') (StringNode (StringExprsNode (StringExpressionNode (StringNode 'Hi'))))))))))
