(PrgmNode
	(ExprStmtNode (BinOpExprNode (IdentVariableNode x) SET (IndexExprNode (IndexExprNode (IndexExprNode (IndexExprNode (VarExprNode (IdentVariableNode x)) (IntExprNode 1)) (IndexExprNode (IndexExprNode (VarExprNode (IdentVariableNode x)) (IntExprNode 1)) (IndexExprNode (VarExprNode (IdentVariableNode x)) (IntExprNode 1)))) (IntExprNode 1)) (IndexExprNode (VarExprNode (IdentVariableNode x)) (IntExprNode 1))))))
