(PrgmNode
	(ExprStmtNode (BinOpExprNode (IdentVariableNode x) EXPONENTIATE_SET (BinOpExprNode (VarExprNode (IdentVariableNode x)) EXPONENTIATE (BinOpExprNode (VarExprNode (IdentVariableNode x)) EXPONENTIATE (BinOpExprNode (VarExprNode (IdentVariableNode x)) EXPONENTIATE (VarExprNode (IdentVariableNode x))))))))
