(PrgmNode
	(ExprStmtNode (BinOpExprNode (IdentVariableNode x) SET (BinOpExprNode (VarExprNode (IdentVariableNode a)) MODULO (BinOpExprNode (BinOpExprNode (VarExprNode (IdentVariableNode b)) DIVIDE (BinOpExprNode (BinOpExprNode (VarExprNode (IdentVariableNode c)) MULTIPLY (VarExprNode (IdentVariableNode d))) DIVIDE (VarExprNode (IdentVariableNode a)))) MODULO (BinOpExprNode (VarExprNode (IdentVariableNode b)) MULTIPLY (VarExprNode (IdentVariableNode c))))))))
