(PrgmNode
	(ExprStmtNode (BinOpExprNode (BindingNode x) SET (BinOpExprNode (BinOpExprNode (BinOpExprNode (UnOpExprNode (LValueExprNode (VarExprNode a)) NEGATE) DIVIDE (UnOpExprNode (LValueExprNode (VarExprNode b)) NOT)) MULTIPLY (UnOpExprNode (LValueExprNode (VarExprNode c)) NEGATE)) MODULO (UnOpExprNode (LValueExprNode (VarExprNode d)) NOT)))))
