(PrgmNode
	(ExprStmtNode (BinOpExprNode (BindingNode x) SET (BinOpExprNode (BinOpExprNode (BinOpExprNode (LValueExprNode (VarExprNode a)) ADD (BinOpExprNode (LValueExprNode (VarExprNode b)) MULTIPLY (LValueExprNode (VarExprNode c)))) SUBTRACT (BinOpExprNode (BinOpExprNode (LValueExprNode (VarExprNode d)) MULTIPLY (LValueExprNode (VarExprNode e))) MULTIPLY (LValueExprNode (VarExprNode f)))) ADD (LValueExprNode (VarExprNode g))))))
