(PrgmNode
	(ExprStmtNode (BinOpExprNode (IdentVariableNode x) SET (BinOpExprNode (BinOpExprNode (VarExprNode (IdentVariableNode a)) ADD (VarExprNode (IdentVariableNode b))) MULTIPLY (BinOpExprNode (VarExprNode (IdentVariableNode c)) SUBTRACT (BinOpExprNode (BinOpExprNode (VarExprNode (IdentVariableNode d)) EXPONENTIATE (VarExprNode (IdentVariableNode e))) MULTIPLY (BinOpExprNode (VarExprNode (IdentVariableNode f)) ADD (VarExprNode (IdentVariableNode g)))))))))
