(PrgmNode
	(ExprStmtNode (BinOpExprNode (BindingNode x) SET (BinOpExprNode (BinOpExprNode (LValueExprNode (VarExprNode a)) ADD (LValueExprNode (VarExprNode b))) MULTIPLY (BinOpExprNode (LValueExprNode (VarExprNode c)) SUBTRACT (BinOpExprNode (BinOpExprNode (LValueExprNode (VarExprNode d)) EXPONENTIATE (LValueExprNode (VarExprNode e))) MULTIPLY (BinOpExprNode (LValueExprNode (VarExprNode f)) ADD (LValueExprNode (VarExprNode g)))))))))
