(PrgmNode
	(ExprStmtNode (BinOpExprNode (BindingNode x) SET (BinOpExprNode (UnOpExprNode (LValueExprNode (VarExprNode a)) NEGATE) MULTIPLY (BinOpExprNode (UnOpExprNode (LValueExprNode (IndexExprNode (VarExprNode b) (BinOpExprNode (LValueExprNode (VarExprNode c)) ADD (LValueExprNode (VarExprNode e))))) NOT) EXPONENTIATE (LValueExprNode (VarExprNode e)))))))
