(PrgmNode
	(ExprStmtNode (BinOpExprNode (IdentVariableNode x) SET (BinOpExprNode (BinOpExprNode (BinOpExprNode (BinOpExprNode (VarExprNode (IdentVariableNode a)) LESSER (VarExprNode (IdentVariableNode b))) GREATER (VarExprNode (IdentVariableNode c))) LESSER_EQUAL (VarExprNode (IdentVariableNode d))) GREATER_EQUAL (VarExprNode (IdentVariableNode e))))))
