(PrgmNode
	(ExprStmtNode (BinOpExprNode (IdentVariableNode x) SET (BinOpExprNode (BinOpExprNode (VarExprNode (IdentVariableNode a)) GREATER_EQUAL (VarExprNode (IdentVariableNode b))) LESSER_EQUAL (BinOpExprNode (VarExprNode (IdentVariableNode c)) GREATER (BinOpExprNode (VarExprNode (IdentVariableNode d)) LESSER (VarExprNode (IdentVariableNode e))))))))
