(PrgmNode
	(ExprStmtNode (BinOpExprNode (BindingNode x) SET (BinOpExprNode (BinOpExprNode (LValueExprNode (VarExprNode a)) GREATER_EQUAL (LValueExprNode (VarExprNode b))) LESSER_EQUAL (BinOpExprNode (BinOpExprNode (LValueExprNode (VarExprNode c)) GREATER (LValueExprNode (VarExprNode d))) LESSER (LValueExprNode (VarExprNode e)))))))
