(PrgmNode
	(ExprStmtNode (BinOpExprNode (IdentVariableNode x) SET (BinOpExprNode (BinOpExprNode (VarExprNode (IdentVariableNode c)) MULTIPLY (VarExprNode (IdentVariableNode d))) LESSER (BinOpExprNode (VarExprNode (IdentVariableNode a)) ADD (IndexExprNode (VarExprNode (IdentVariableNode a)) (IntExprNode 1)))))))
