(PrgmNode
	(ExprStmtNode (BinOpExprNode (BindingNode x) SET (BinOpExprNode (BinOpExprNode (LValueExprNode (VarExprNode a)) LESSER (LValueExprNode (VarExprNode b))) EQUAL (BinOpExprNode (BinOpExprNode (LValueExprNode (VarExprNode c)) MULTIPLY (BinOpExprNode (LValueExprNode (VarExprNode d)) EXPONENTIATE (LValueExprNode (VarExprNode e)))) ADD (LValueExprNode (VarExprNode f)))))))
