(PrgmNode
	(ExprStmtNode (BinOpExprNode (IdentVariableNode x) SET (BinOpExprNode (UnOpExprNode (UnOpExprNode (UnOpExprNode (UnOpExprNode (UnOpExprNode (UnOpExprNode (UnOpExprNode (UnOpExprNode (UnOpExprNode (UnOpExprNode (UnOpExprNode (VarExprNode (IdentVariableNode a)) NOT) NOT) NOT) NOT) NOT) NOT) NOT) NOT) NOT) NOT) NOT) NOT_EQUAL (UnOpExprNode (UnOpExprNode (UnOpExprNode (UnOpExprNode (UnOpExprNode (UnOpExprNode (UnOpExprNode (UnOpExprNode (UnOpExprNode (UnOpExprNode (UnOpExprNode (VarExprNode (IdentVariableNode b)) NOT) NOT) NOT) NOT) NOT) NOT) NOT) NOT) NOT) NOT) NOT)))))
