(PrgmNode
	(ExprStmtNode (BinOpExprNode (BindingNode x) SET (BinOpExprNode (UnOpExprNode (UnOpExprNode (UnOpExprNode (UnOpExprNode (UnOpExprNode (UnOpExprNode (UnOpExprNode (UnOpExprNode (UnOpExprNode (UnOpExprNode (UnOpExprNode (VarLValueNode a) NOT) NOT) NOT) NOT) NOT) NOT) NOT) NOT) NOT) NOT) NOT) NOT_EQUAL (UnOpExprNode (UnOpExprNode (UnOpExprNode (UnOpExprNode (UnOpExprNode (UnOpExprNode (UnOpExprNode (UnOpExprNode (UnOpExprNode (UnOpExprNode (UnOpExprNode (VarLValueNode b) NOT) NOT) NOT) NOT) NOT) NOT) NOT) NOT) NOT) NOT) NOT)))))
