(PrgmNode
	(ExprStmtNode (BinOpExprNode (BindingNode x) SET (BinOpExprNode (BinOpExprNode (LValueExprNode (VarExprNode a)) EQUAL (LValueExprNode (VarExprNode b))) OR (BinOpExprNode (BinOpExprNode (LValueExprNode (VarExprNode c)) EQUAL (LValueExprNode (VarExprNode d))) AND (BinOpExprNode (LValueExprNode (VarExprNode e)) EQUAL (LValueExprNode (VarExprNode f))))))))
