(PrgmNode
	(ExprStmtNode (BinOpExprNode (BindingNode x) SET (BinOpExprNode (BinOpExprNode (LValueExprNode (VarExprNode a)) NOT_EQUAL (BinOpExprNode (LValueExprNode (VarExprNode b)) AND (LValueExprNode (VarExprNode c)))) AND (BinOpExprNode (LValueExprNode (VarExprNode e)) EQUAL (LValueExprNode (VarExprNode f)))))))
