(PrgmNode
	(ExprStmtNode (BinOpExprNode (VarLValueNode x) SUBTRACT_SET (BinOpExprNode (BinOpExprNode (UnOpExprNode (LValueExprNode (VarExprNode a)) NOT) ADD (IndexExprNode (BinOpExprNode (BinOpExprNode (UnOpExprNode (LValueExprNode (VarExprNode b)) NOT) MULTIPLY (UnOpExprNode (LValueExprNode (IndexExprNode (IndexExprNode (VarExprNode e) (IntExprNode 1)) (IntExprNode 2))) NEGATE)) ADD (LValueExprNode (VarExprNode d))) (LValueExprNode (VarExprNode c)))) EQUAL (BinOpExprNode (LValueExprNode (VarExprNode b)) LESSER (BinOpExprNode (BinOpExprNode (LValueExprNode (VarExprNode d)) ADD (LValueExprNode (IndexExprNode (VarExprNode e) (IntExprNode 1)))) SUBTRACT (UnOpExprNode (LValueExprNode (VarExprNode x)) NEGATE)))))))
