(PrgmNode
	(ExprStmtNode (BinOpExprNode (BindingNode z) SET (BinOpExprNode (LValueExprNode (IndexExprNode (VarExprNode x) (BinOpExprNode (BinOpExprNode (BinOpExprNode (UnOpExprNode (LValueExprNode (VarExprNode a)) NOT) ADD (BinOpExprNode (LValueExprNode (VarExprNode b)) MULTIPLY (LValueExprNode (VarExprNode c)))) LESSER (LValueExprNode (VarExprNode e))) EQUAL (BinOpExprNode (LValueExprNode (VarExprNode f)) MULTIPLY (LValueExprNode (IndexExprNode (VarExprNode g) (IntExprNode 1))))))) EXPONENTIATE (LValueExprNode (VarExprNode x))))))
