(PrgmNode
	(ExprStmtNode (BinOpExprNode (BindingNode z) SET (BinOpExprNode (IndexExprNode (LValueExprNode (VarExprNode x)) (BinOpExprNode (BinOpExprNode (BinOpExprNode (UnOpExprNode (VarLValueNode a) NOT) ADD (BinOpExprNode (LValueExprNode (VarExprNode b)) MULTIPLY (LValueExprNode (VarExprNode c)))) LESSER (LValueExprNode (VarExprNode e))) EQUAL (BinOpExprNode (LValueExprNode (VarExprNode f)) MULTIPLY (IndexExprNode (LValueExprNode (VarExprNode g)) (IntExprNode 1))))) EXPONENTIATE (LValueExprNode (VarExprNode x))))))
