(PrgmNode
	(ExprStmtNode (BinOpExprNode (BindingNode x) SET (BinOpExprNode (BinOpExprNode (BinOpExprNode (BinOpExprNode (BinOpExprNode (BinOpExprNode (LValueExprNode (VarExprNode a)) ADD (LValueExprNode (VarExprNode b))) SUBTRACT (BinOpExprNode (BinOpExprNode (LValueExprNode (VarExprNode c)) EXPONENTIATE (LValueExprNode (VarExprNode d))) MULTIPLY (LValueExprNode (VarExprNode e)))) SUBTRACT (BinOpExprNode (LValueExprNode (VarExprNode f)) DIVIDE (UnOpExprNode (IntExprNode 3) NEGATE))) SUBTRACT (BinOpExprNode (BinOpExprNode (IntExprNode 5) MODULO (BinOpExprNode (IntExprNode 2) EXPONENTIATE (BinOpExprNode (IntExprNode 5) SUBTRACT (IntExprNode 3)))) MULTIPLY (IntExprNode 2))) LESSER (IntExprNode 2)) AND (BinOpExprNode (UnOpExprNode (BinOpExprNode (IntExprNode 3) GREATER (IntExprNode 3)) NOT) EQUAL (IntExprNode 2))))))
