(PrgmNode
	(CmdStmtNode (BasicCmdNode (StringNode 'echo') (StringNode (StringExprsNode (StringExpressionNode (StringNode 'hi'))))))
	(CmdStmtNode (BasicCmdNode (StringNode 'echo') (StringNode (StringExprsNode (StringExpressionNode (StringNode 'world'))))))
	(ExprStmtNode (BinOpExprNode (BindingNode x) SET (IntExprNode 2))))
