(PrgmNode
	(ExprStmtNode (BinOpExprNode (IdentVariableNode x) SET (BinOpExprNode (BinOpExprNode (StringExpressionNode (StringNode (StringExprsNode (StringExpressionNode (StringNode ''))))) ADD (StringExpressionNode (StringNode (StringExprsNode (StringExpressionNode (StringNode '')))))) ADD (StringExpressionNode (StringNode (StringExprsNode (StringExpressionNode (StringNode '')))))))))
