(PrgmNode
	(ExprStmtNode (BinOpExprNode (BindingNode x) SET (ArrayExprNode (ExprsNode (ArrayExprNode (ExprsNode (ArrayExprNode (ExprsNode (IntExprNode 1) (IntExprNode 2) (IntExprNode 3))) (ArrayExprNode (ExprsNode (IntExprNode 4) (IntExprNode 5) (IntExprNode 6))) (ArrayExprNode (ExprsNode (IntExprNode 7) (IntExprNode 8) (IntExprNode 9))))) (ArrayExprNode (ExprsNode (ArrayExprNode (ExprsNode (LValueExprNode (VarExprNode a)) (LValueExprNode (VarExprNode b)))) (ArrayExprNode (ExprsNode (LValueExprNode (VarExprNode c)) (LValueExprNode (VarExprNode d)))) (ArrayExprNode (ExprsNode (LValueExprNode (VarExprNode e)) (LValueExprNode (VarExprNode f)))))))))))
