(PrgmNode
	(ExprStmtNode (BinOpExprNode (BindingNode x) SET (TupleExprNode (ExprsNode (ArrayExprNode (ExprsNode (TupleExprNode (ExprsNode (IntExprNode 1) (StringExpressionNode (StringNode (StringExprsNode (StringExpressionNode (StringNode 'Hello World'))))) (FloatExprNode 3.123000))) (TupleExprNode (ExprsNode (LambdaExprNode (BindingsNode) (ReturnStmtNode (IntExprNode 5))) (LambdaExprNode (BindingsNode (BindingNode a) (BindingNode b)) (ReturnStmtNode (BinOpExprNode (LValueExprNode (VarExprNode a)) ADD (LValueExprNode (VarExprNode b))))) (BoolExprNode true))) (TupleExprNode (ExprsNode (IntExprNode 7) (LValueExprNode (VarExprNode a)) (FloatExprNode 9.090000))))) (TupleExprNode (ExprsNode (TupleExprNode (ExprsNode (LValueExprNode (VarExprNode a)) (LValueExprNode (VarExprNode b)))) (StringExpressionNode (StringNode (StringExprsNode (StringExpressionNode (StringNode '[c, d]'))))) (BoolExprNode false))))))))
