(PrgmNode
	(ExprStmtNode (CallExprNode (LValueExprNode (VarExprNode add)) (ExprsNode (ArrayExprNode (ExprsNode (IntExprNode 1) (IntExprNode 2) (IntExprNode 3))) (IndexExprNode (CmdExprNode (BasicCmdNode (StringNode 'echo') (StringNode (StringExprsNode (StringExpressionNode (StringNode 'Hello World!')))))) (IntExprNode 0)) (StringExpressionNode (StringNode (StringExprsNode (StringExpressionNode (StringNode 'Hello ')) (LValueExprNode (VarExprNode name)) (StringExpressionNode (StringNode '!'))))) (BinOpExprNode (BinOpExprNode (BinOpExprNode (BinOpExprNode (IntExprNode 3) MULTIPLY (IntExprNode 4)) LESSER (BinOpExprNode (IntExprNode 4) ADD (IntExprNode 3))) AND (BinOpExprNode (IntExprNode 3) GREATER_EQUAL (IntExprNode 2))) OR (BinOpExprNode (StringExpressionNode (StringNode (StringExprsNode (StringExpressionNode (StringNode 'hi'))))) EQUAL (StringExpressionNode (StringNode (StringExprsNode (StringExpressionNode (StringNode 'bye')))))))))))
