(PrgmNode
	(ExprStmtNode (BinOpExprNode (BindingNode x) SET (CmdExprNode (BasicCmdNode (StringNode (StringExprsNode (StringExpressionNode (StringNode 'echo')))) (StringNode (StringExprsNode (StringExpressionNode (StringNode 'Hello')))) (StringNode (StringExprsNode (StringExpressionNode (StringNode 'World')))))))))
