(PrgmNode
	(ExprStmtNode (BinOpExprNode (IdentVariableNode x) SET (CmdExprNode (CmdCmdNode (StringNode (StringExprsNode (StringExpressionNode (StringNode 'echo')))) (StringNode (StringExprsNode (StringExpressionNode (StringNode 'hello')))) (StringNode (StringExprsNode (StringExpressionNode (StringNode 'world')))))))))
