(PrgmNode
	(ExprStmtNode (BinOpExprNode (BindingNode x) SET (CmdExprNode (BasicCmdNode (StringNode (StringExprsNode (StringExpressionNode (StringNode 'echo')))) (StringNode (StringExprsNode (StringExpressionNode (StringNode 'hello')))) (StringNode (StringExprsNode (StringExpressionNode (StringNode 'world')))))))))
