(PrgmNode
	(ExprStmtNode (BinOpExprNode (BindingNode x) SET (BinOpExprNode (BinOpExprNode (BinOpExprNode (BinOpExprNode (LValueExprNode (VarExprNode a)) GREATER_EQUAL (LValueExprNode (VarExprNode b))) GREATER (LValueExprNode (VarExprNode c))) LESSER_EQUAL (LValueExprNode (VarExprNode d))) LESSER (LValueExprNode (VarExprNode e))))))
