(PrgmNode
	(ExprStmtNode (BinOpExprNode (BindingNode x) SET (BinOpExprNode (BinOpExprNode (BinOpExprNode (BinOpExprNode (LValueExprNode (VarExprNode a)) LESSER (LValueExprNode (VarExprNode b))) LESSER_EQUAL (LValueExprNode (VarExprNode c))) GREATER (LValueExprNode (VarExprNode d))) GREATER_EQUAL (LValueExprNode (VarExprNode e))))))
