(PrgmNode
	(ExprStmtNode (BinOpExprNode (IndexLValueNode (VarLValueNode a) (LValueExprNode (VarExprNode i))) SET (IntExprNode 1)))
	(ExprStmtNode (BinOpExprNode (IndexLValueNode (VarLValueNode a) (LValueExprNode (VarExprNode i))) ADD_SET (IntExprNode 1)))
	(ExprStmtNode (BinOpExprNode (IndexLValueNode (VarLValueNode a) (LValueExprNode (VarExprNode i))) SUBTRACT_SET (IntExprNode 1)))
	(ExprStmtNode (BinOpExprNode (IndexLValueNode (VarLValueNode a) (LValueExprNode (VarExprNode i))) MULTIPLY_SET (IntExprNode 1)))
	(ExprStmtNode (BinOpExprNode (IndexLValueNode (VarLValueNode a) (LValueExprNode (VarExprNode i))) DIVIDE_SET (IntExprNode 1)))
	(ExprStmtNode (BinOpExprNode (IndexLValueNode (VarLValueNode a) (LValueExprNode (VarExprNode i))) MODULO_SET (IntExprNode 1)))
	(ExprStmtNode (BinOpExprNode (IndexLValueNode (VarLValueNode a) (LValueExprNode (VarExprNode i))) EXPONENTIATE_SET (IntExprNode 1)))
	(ExprStmtNode (BinOpExprNode (BindingNode x) SET (UnOpExprNode (IndexLValueNode (VarLValueNode a) (LValueExprNode (VarExprNode i))) POST_INCREMENT)))
	(ExprStmtNode (BinOpExprNode (BindingNode x) SET (UnOpExprNode (IndexLValueNode (VarLValueNode a) (LValueExprNode (VarExprNode i))) POST_DECREMENT)))
	(ExprStmtNode (BinOpExprNode (BindingNode x) SET (UnOpExprNode (IndexLValueNode (VarLValueNode a) (LValueExprNode (VarExprNode i))) PRE_INCREMENT)))
	(ExprStmtNode (BinOpExprNode (BindingNode x) SET (UnOpExprNode (IndexLValueNode (VarLValueNode a) (LValueExprNode (VarExprNode i))) PRE_DECREMENT)))
	(ExprStmtNode (BinOpExprNode (BindingNode x) SET (UnOpExprNode (LValueExprNode (IndexExprNode (VarExprNode a) (LValueExprNode (VarExprNode i)))) NEGATE)))
	(ExprStmtNode (BinOpExprNode (BindingNode x) SET (UnOpExprNode (LValueExprNode (IndexExprNode (VarExprNode a) (LValueExprNode (VarExprNode i)))) NOT))))
