(PrgmNode
	(IfStmtNode (BoolExprNode true) (ScopeStmtNode (StmtsNode
	(CmdStmtNode (CmdCmdNode (StringNode 'echo') (StringNode 'hi'))))) (IfStmtNode (IndexExprNode (TupleExprNode (ExprsNode (BoolExprNode true) (BoolExprNode false))) (IntExprNode 1)) (ScopeStmtNode (StmtsNode
	(CmdStmtNode (CmdCmdNode (StringNode 'echo') (StringNode 'there'))))) (IfStmtNode (BoolExprNode false) (ScopeStmtNode (StmtsNode
	(CmdStmtNode (CmdCmdNode (StringNode 'echo') (StringNode 'bye'))))) (ScopeStmtNode (StmtsNode
	(CmdStmtNode (CmdCmdNode (StringNode 'echo') (StringNode 'adios')))))))))
