(PrgmNode
	(ExprStmtNode (BinOpExprNode (IdentVariableNode x) SET (TernaryExprNode (TernaryExprNode (BinOpExprNode (VarExprNode (IdentVariableNode x)) LESSER (IntExprNode 3)) ? (BoolExprNode false) : (BoolExprNode true)) ? (TernaryExprNode (BinOpExprNode (VarExprNode (IdentVariableNode x)) GREATER (VarExprNode (IdentVariableNode y))) ? (BinOpExprNode (VarExprNode (IdentVariableNode x)) EQUAL (VarExprNode (IdentVariableNode y))) : (BinOpExprNode (VarExprNode (IdentVariableNode x)) NOT_EQUAL (VarExprNode (IdentVariableNode y)))) : (TernaryExprNode (BoolExprNode true) ? (BoolExprNode false) : (BoolExprNode true))))))
