(PrgmNode
	(ExprStmtNode (BinOpExprNode (BindingNode x) SET (TernaryExprNode (TernaryExprNode (BinOpExprNode (LValueExprNode (VarExprNode x)) LESSER (IntExprNode 3)) (BoolExprNode false) (BoolExprNode true)) (TernaryExprNode (BinOpExprNode (LValueExprNode (VarExprNode x)) GREATER (LValueExprNode (VarExprNode y))) (BinOpExprNode (LValueExprNode (VarExprNode x)) EQUAL (LValueExprNode (VarExprNode y))) (BinOpExprNode (LValueExprNode (VarExprNode x)) NOT_EQUAL (LValueExprNode (VarExprNode y)))) (TernaryExprNode (BoolExprNode true) (BoolExprNode false) (BoolExprNode true))))))
