(PrgmNode
	(ExprStmtNode (BinOpExprNode (BindingNode x) SET (TernaryExprNode (TernaryExprNode (TernaryExprNode (TernaryExprNode (BinOpExprNode (LValueExprNode (VarExprNode x)) LESSER (LValueExprNode (VarExprNode y))) (LValueExprNode (VarExprNode x)) (LValueExprNode (VarExprNode y))) (LValueExprNode (VarExprNode a)) (LValueExprNode (VarExprNode b))) (LValueExprNode (VarExprNode c)) (LValueExprNode (VarExprNode d))) (LValueExprNode (VarExprNode e)) (LValueExprNode (VarExprNode f))))))
