(PrgmNode
	(ExprStmtNode (BinOpExprNode (VarLValueNode x) ADD_SET (BinOpExprNode (BinOpExprNode (StringExpressionNode (StringNode (StringExprsNode (StringExpressionNode (StringNode 'hello'))))) ADD (StringExpressionNode (StringNode (StringExprsNode (StringExpressionNode (StringNode ' cool ')))))) ADD (StringExpressionNode (StringNode (StringExprsNode (StringExpressionNode (StringNode 'world')))))))))
