(PrgmNode
	(ExprStmtNode (BinOpExprNode (IdentVariableNode x) ADD_SET (BinOpExprNode (BinOpExprNode (StringExpressionNode (StringNode "hello")) ADD (BinOpExprNode (StringExpressionNode (StringNode " cool ")) ADD (StringExpressionNode (StringNode "world")))) ADD (StringExpressionNode (StringNode "i"))))))
