(PrgmNode
	(ExprStmtNode (BinOpExprNode (VarLValueNode x) ADD_SET (BinOpExprNode (BinOpExprNode (BinOpExprNode (LValueExprNode (VarExprNode hello)) ADD (StringExpressionNode (StringNode (StringExprsNode (StringExpressionNode (StringNode '')))))) ADD (BinOpExprNode (LValueExprNode (VarExprNode y)) ADD (StringExpressionNode (StringNode (StringExprsNode (StringExpressionNode (StringNode 'world'))))))) ADD (StringExpressionNode (StringNode (StringExprsNode (StringExpressionNode (StringNode 'i')))))))))
