(PrgmNode
	(CmdStmtNode (BasicCmdNode (StringNode (StringExprsNode (StringExpressionNode (StringNode 'echo')))) (StringNode (StringExprsNode (StringExpressionNode (StringNode 'add = ${fn (a, b) -> a + b}')))) (StringNode '+') (StringNode (StringExprsNode (StringExpressionNode (StringNode 'true or $x? = ')) (TernaryExprNode (CallExprNode (LValueExprNode (VarExprNode parseBoolean)) (ExprsNode (IndexExprNode (CmdExprNode (BasicCmdNode (StringNode 'read') (StringNode 'answer.txt'))) (IntExprNode 0)))) (StringExpressionNode (StringNode (StringExprsNode (StringExpressionNode (StringNode 'is ')) (BoolExprNode true) (StringExpressionNode (StringNode ''))))) (StringExpressionNode (StringNode (StringExprsNode (StringExpressionNode (StringNode 'false')))))) (StringExpressionNode (StringNode '')))))))
