(PrgmNode
	(ExprStmtNode (BinOpExprNode (BindingNode x) SET (LambdaExprNode (BindingsNode (BindingNode a) (BindingNode b)) (ReturnStmtNode (LambdaExprNode (BindingsNode (BindingNode c) (BindingNode d)) (ReturnStmtNode (LambdaExprNode (BindingsNode (BindingNode e) (BindingNode f)) (ReturnStmtNode (BinOpExprNode (BinOpExprNode (BinOpExprNode (BinOpExprNode (BinOpExprNode (LValueExprNode (VarExprNode a)) ADD (LValueExprNode (VarExprNode b))) ADD (LValueExprNode (VarExprNode c))) ADD (LValueExprNode (VarExprNode d))) ADD (LValueExprNode (VarExprNode e))) ADD (LValueExprNode (VarExprNode f))))))))))))
