(PrgmNode
	(ExprStmtNode (BinOpExprNode (IdentVariableNode x) SET (LambdaExprNode (BindingsNode (BindingNode a) (BindingNode b)) (ReturnStmtNode (LambdaExprNode (BindingsNode (BindingNode c) (BindingNode d)) (ReturnStmtNode (LambdaExprNode (BindingsNode (BindingNode e) (BindingNode f)) (ReturnStmtNode (BinOpExprNode (BinOpExprNode (BinOpExprNode (BinOpExprNode (BinOpExprNode (VarExprNode (IdentVariableNode a)) ADD (VarExprNode (IdentVariableNode b))) ADD (VarExprNode (IdentVariableNode c))) ADD (VarExprNode (IdentVariableNode d))) ADD (VarExprNode (IdentVariableNode e))) ADD (VarExprNode (IdentVariableNode f))))))))))))
